
> react-example@0.0.0 build
> vite build

[36mvite v6.4.1 [32mbuilding for production...[36m[39m
transforming...
[32mÔ£ô[39m 3650 modules transformed.
rendering chunks...
computing gzip size...
[2mdist/[22m[32mindex.html                               [39m[1m[2m  2.38 kB[22m[1m[22m[2m Ôöé gzip:   0.91 kB[22m
[2mdist/[22m[32massets/logo-BzRJ6ApE.png                 [39m[1m[2m 18.93 kB[22m[1m[22m
[2mdist/[22m[35massets/index-DNpItnkv.css                [39m[1m[2m135.86 kB[22m[1m[22m[2m Ôöé gzip:  18.15 kB[22m
[2mdist/[22m[36massets/chevron-down-Dptw5gwk.js          [39m[1m[2m  0.31 kB[22m[1m[22m[2m Ôöé gzip:   0.25 kB[22m
[2mdist/[22m[36massets/useRequireAuth-CnhnyU8U.js        [39m[1m[2m  0.32 kB[22m[1m[22m[2m Ôöé gzip:   0.24 kB[22m
[2mdist/[22m[36massets/phone-D5ulWY8J.js                 [39m[1m[2m  0.80 kB[22m[1m[22m[2m Ôöé gzip:   0.41 kB[22m
[2mdist/[22m[36massets/useGoalSettings-Fh7jUmK9.js       [39m[1m[2m  1.10 kB[22m[1m[22m[2m Ôöé gzip:   0.56 kB[22m
[2mdist/[22m[36massets/zap-C64eUzhG.js                   [39m[1m[2m  1.22 kB[22m[1m[22m[2m Ôöé gzip:   0.53 kB[22m
[2mdist/[22m[36massets/star-LLdHude2.js                  [39m[1m[2m  1.52 kB[22m[1m[22m[2m Ôöé gzip:   0.57 kB[22m
[2mdist/[22m[36massets/useDemands-EJdqOG87.js            [39m[1m[2m  1.78 kB[22m[1m[22m[2m Ôöé gzip:   0.96 kB[22m
[2mdist/[22m[36massets/createLucideIcon-DflAzAqh.js      [39m[1m[2m  1.86 kB[22m[1m[22m[2m Ôöé gzip:   0.80 kB[22m
[2mdist/[22m[36massets/useEmployees-D2D33VoV.js          [39m[1m[2m  2.01 kB[22m[1m[22m[2m Ôöé gzip:   0.87 kB[22m
[2mdist/[22m[36massets/target-o2r7Jxdh.js                [39m[1m[2m  2.42 kB[22m[1m[22m[2m Ôöé gzip:   0.63 kB[22m
[2mdist/[22m[36massets/useAgencySettings-DrJDDup-.js     [39m[1m[2m  2.90 kB[22m[1m[22m[2m Ôöé gzip:   1.48 kB[22m
[2mdist/[22m[36massets/index-DkgMZ8fl.js                 [39m[1m[2m  3.99 kB[22m[1m[22m[2m Ôöé gzip:   1.89 kB[22m
[2mdist/[22m[36massets/AdminSoraRemover-D1S35H20.js      [39m[1m[2m  4.42 kB[22m[1m[22m[2m Ôöé gzip:   1.98 kB[22m
[2mdist/[22m[36massets/AdminTools-BKGDKpsH.js            [39m[1m[2m  6.50 kB[22m[1m[22m[2m Ôöé gzip:   2.14 kB[22m
[2mdist/[22m[36massets/AdminSidebar-Bgy7Ap2O.js          [39m[1m[2m  6.94 kB[22m[1m[22m[2m Ôöé gzip:   1.76 kB[22m
[2mdist/[22m[36massets/GlobalSearch-B8QVhlFy.js          [39m[1m[2m  7.30 kB[22m[1m[22m[2m Ôöé gzip:   2.37 kB[22m
[2mdist/[22m[36massets/ClientLogin-CN7o6EZr.js           [39m[1m[2m  7.66 kB[22m[1m[22m[2m Ôöé gzip:   2.48 kB[22m
[2mdist/[22m[36massets/ClientProjects-DFq6ndDT.js        [39m[1m[2m  9.58 kB[22m[1m[22m[2m Ôöé gzip:   2.94 kB[22m
[2mdist/[22m[36massets/AdminLogin-CpQBod0z.js            [39m[1m[2m  9.82 kB[22m[1m[22m[2m Ôöé gzip:   3.22 kB[22m
[2mdist/[22m[36massets/format-XKQnYqpr.js                [39m[1m[2m 10.09 kB[22m[1m[22m[2m Ôöé gzip:   2.68 kB[22m
[2mdist/[22m[36massets/ClientTopbar-MhHdDiH6.js          [39m[1m[2m 11.15 kB[22m[1m[22m[2m Ôöé gzip:   3.07 kB[22m
[2mdist/[22m[36massets/AdminScriptGenerator-5e3SvHWt.js  [39m[1m[2m 11.55 kB[22m[1m[22m[2m Ôöé gzip:   3.54 kB[22m
[2mdist/[22m[36massets/AdminSales-BnGe9upX.js            [39m[1m[2m 12.05 kB[22m[1m[22m[2m Ôöé gzip:   3.62 kB[22m
[2mdist/[22m[36massets/ClientDashboard-BgA0QlSp.js       [39m[1m[2m 15.13 kB[22m[1m[22m[2m Ôöé gzip:   4.15 kB[22m
[2mdist/[22m[36massets/ClientSettings-Dq2xupal.js        [39m[1m[2m 15.22 kB[22m[1m[22m[2m Ôöé gzip:   3.85 kB[22m
[2mdist/[22m[36massets/ClientPurchases-DxU7STQX.js       [39m[1m[2m 15.46 kB[22m[1m[22m[2m Ôöé gzip:   3.71 kB[22m
[2mdist/[22m[36massets/pt-BR-CueEU6Re.js                 [39m[1m[2m 16.83 kB[22m[1m[22m[2m Ôöé gzip:   5.11 kB[22m
[2mdist/[22m[36massets/AdminProfile-DKInLBM2.js          [39m[1m[2m 19.65 kB[22m[1m[22m[2m Ôöé gzip:   5.20 kB[22m
[2mdist/[22m[36massets/EmployeeProfile-xp5qr9rb.js       [39m[1m[2m 21.39 kB[22m[1m[22m[2m Ôöé gzip:   4.71 kB[22m
[2mdist/[22m[36massets/isWithinInterval-BRKcFdph.js      [39m[1m[2m 23.51 kB[22m[1m[22m[2m Ôöé gzip:   4.91 kB[22m
[2mdist/[22m[36massets/LeadDetail-Qd2pc9fG.js            [39m[1m[2m 24.29 kB[22m[1m[22m[2m Ôöé gzip:   5.73 kB[22m
[2mdist/[22m[36massets/AdminNextZap-DtJDhNBy.js          [39m[1m[2m 29.06 kB[22m[1m[22m[2m Ôöé gzip:   7.38 kB[22m
[2mdist/[22m[36massets/AdminClients-D1pWOQEX.js          [39m[1m[2m 36.70 kB[22m[1m[22m[2m Ôöé gzip:   6.08 kB[22m
[2mdist/[22m[36massets/AdminDashboard-CDSVAmXK.js        [39m[1m[2m 37.78 kB[22m[1m[22m[2m Ôöé gzip:  10.73 kB[22m
[2mdist/[22m[36massets/AdminSettings-BHJGpbqr.js         [39m[1m[2m 40.01 kB[22m[1m[22m[2m Ôöé gzip:   7.63 kB[22m
[2mdist/[22m[36massets/AdminVideos-BngfCO3j.js           [39m[1m[2m 41.43 kB[22m[1m[22m[2m Ôöé gzip:   7.57 kB[22m
[2mdist/[22m[36massets/AdminLeadEngine-BoUPo_AJ.js       [39m[1m[2m104.48 kB[22m[1m[22m[2m Ôöé gzip:  25.16 kB[22m
[2mdist/[22m[36massets/logo-DZwImlen.js                  [39m[1m[2m124.28 kB[22m[1m[22m[2m Ôöé gzip:  40.66 kB[22m
[2mdist/[22m[36massets/CartesianChart-8JpQXweF.js        [39m[1m[2m333.60 kB[22m[1m[22m[2m Ôöé gzip: 100.46 kB[22m
[2mdist/[22m[36massets/MainApp-HtyU1-hq.js               [39m[1m[33m647.19 kB[39m[22m[2m Ôöé gzip: 182.65 kB[22m
[2mdist/[22m[36massets/index-DdEXd77n.js                 [39m[1m[33m821.23 kB[39m[22m[2m Ôöé gzip: 218.26 kB[22m
node.exe : [33m
No linha:1 caractere:1
+ & "C:\Program 
Files\nodejs/node.exe" "C:\
Users\TAY\AppData\Roaming\n
p ...
+ ~~~~~~~~~~~~~~~~~~~~~~~~~
~~~~~~~~~~~~~~~~~~~~~~~~~~~
~~~~~~~~~~~~~~~~~
    + CategoryInfo         
     : NotSpecified: ([3  
  3m:String) [], RemoteE   
 xception
    + FullyQualifiedErrorI 
   d : NativeCommandError
 
(!) Some chunks are larger 
than 500 kB after 
minification. Consider:
- Using dynamic import() 
to code-split the 
application
- Use build.rollupOptions.o
utput.manualChunks to 
improve chunking: https://r
ollupjs.org/configuration-o
ptions/#output-manualchunks
- Adjust chunk size limit 
for this warning via build.
chunkSizeWarningLimit.[39m
[32mÔ£ô built in 1m 20s[39m
