server.ts(46,48): error TS2307: Cannot find module '@whiskeysockets/baileys' or its corresponding type declarations.
server.ts(470,53): error TS2307: Cannot find module '@whiskeysockets/baileys' or its corresponding type declarations.
services/whatsapp/firestoreAuthState.ts(23,8): error TS2307: Cannot find module '@whiskeysockets/baileys' or its corresponding type declarations.
services/whatsapp/firestoreAuthState.ts(119,44): error TS2731: Implicit conversion of a 'symbol' to a 'string' will fail at runtime. Consider wrapping this expression in 'String(...)'.
src/backend/app.ts(23,50): error TS2307: Cannot find module 'socket.io' or its corresponding type declarations.
src/backend/config/whatsapp.config.ts(11,35): error TS2307: Cannot find module '@whiskeysockets/baileys' or its corresponding type declarations.
src/backend/config/whatsapp.config.ts(41,54): error TS2307: Cannot find module '@whiskeysockets/baileys' or its corresponding type declarations.
